// Jest Snapshot v1, https://goo.gl/fbAQLP

exports[`Counter changes after click 1`] = `
<div>
  <h2>
    Counter
  </h2>
  <p>
    Start Value 
    20
  </p>
  <p>
    flag 
    true
  </p>
  <span>
    20
  </span>
  <button
    onClick={[Function]}
  >
     +1 Crash 
  </button>
  <button
    onClick={[Function]}
  >
     +1 
  </button>
  <div
    onClick={[Function]}
  >
    <button
      onClick={[Function]}
    >
       -1  
    </button>
  </div>
  <div
    onClick={[Function]}
  >
    <button
      onClick={[Function]}
    >
       -4 -8  
    </button>
  </div>
  <button
    onClick={[Function]}
  >
    SetState with Callback
  </button>
  <div
    onClick={[Function]}
  >
    <button
      onClick={[Function]}
    >
      Refresh
    </button>
  </div>
</div>
`;

exports[`Counter renders correctly 1`] = `
<div>
  <h2>
    Counter
  </h2>
  <p>
    Start Value 
    100
  </p>
  <p>
    flag 
    true
  </p>
  <span>
    100
  </span>
  <button
    onClick={[Function]}
  >
     +1 Crash 
  </button>
  <button
    onClick={[Function]}
  >
     +1 
  </button>
  <div
    onClick={[Function]}
  >
    <button
      onClick={[Function]}
    >
       -1  
    </button>
  </div>
  <div
    onClick={[Function]}
  >
    <button
      onClick={[Function]}
    >
       -4 -8  
    </button>
  </div>
  <button
    onClick={[Function]}
  >
    SetState with Callback
  </button>
  <div
    onClick={[Function]}
  >
    <button
      onClick={[Function]}
    >
      Refresh
    </button>
  </div>
</div>
`;
