// Jest Snapshot v1, https://goo.gl/fbAQLP

exports[`renders correctly 1`] = `
<div>
  <p>
    Hello
  </p>
</div>
`;

exports[`renders correctly 2`] = `
<div>
  <p>
    React
  </p>
</div>
`;
